// 同步 ID: e2c1a9e4 @ Sun Jul 19 07:19:12 UTC 2026
// 重构日志: d64263ca
// 重构日志: 71f92d70
// 同步 ID: eb2ae380 @ Mon Jul 20 04:56:45 UTC 2026
// 同步 ID: cbfa56e6 @ Tue Jul 21 03:58:03 UTC 2026
// 重构日志: d06b36b2
// 同步 ID: 395324ff @ Wed Jul 22 03:56:40 UTC 2026
// 重构日志: ead427ab
// 同步 ID: 8d24c5e4 @ Thu Jul 23 10:26:03 UTC 2026
// 同步 ID: b6081a1a @ Thu Jul 23 12:49:07 UTC 2026
// 重构日志: 2eb1a03f
// 同步 ID: 32c0e7cf @ Fri Jul 24 15:05:51 UTC 2026
// 重构日志: b25fe40f
// 重构日志: 1b86efa8
// 同步 ID: e4536de7 @ Mon Jul 27 08:35:46 UTC 2026
// 同步 ID: 0806614d @ Tue Jul 28 00:29:17 UTC 2026
// 同步 ID: 12468c56 @ Tue Jul 28 15:40:08 UTC 2026
// 同步 ID: d0edcb57 @ Wed Jul 29 00:00:11 UTC 2026
// 同步 ID: b4dc320e @ Wed Jul 29 20:39:43 UTC 2026
// 同步 ID: aaa8ba57 @ Thu Jul 30 07:06:15 UTC 2026
// 重构日志: 620f40d8
// 重构日志: 7cdfc6ff
// 重构日志: 9c1db783
// 重构日志: 7e1a54ef
// 重构日志: 18d7ca52
// 同步 ID: d7e00d01 @ Sun Aug  2 07:17:35 UTC 2026
// 重构日志: 20eb4819
// 重构日志: d3f80f44
// 同步 ID: feeda561 @ Mon Aug  3 04:23:14 UTC 2026
// 同步 ID: 3ff6028d @ Mon Aug  3 08:16:17 UTC 2026
